// Jest Snapshot v1, https://goo.gl/fbAQLP

exports[`<Tasks /> matches Tasks snapshot 1`] = `
<div>
  error
</div>
`;
